<!-- This page has been auto-generated using RapydML (http://www.pyjeon.com) -->
<html>
    <head>
        <title>
            Welcome to my Web Page
        </title>
    </head>
    <body>
        <div id="title">
            <img src="banner.png" alt="My Banner" />
        </div>
        <div id="content">
            I haven't yet put anything on this page
        </div>
        <div id="copyright">
            Copyright 2012 by Me
        </div>
    </body>
</html>
